[mythemestore.com/void/designer.html]
[backblue.gif]
[fade.gif]
[index.html]
[mythemestore.com/void/css/bootstrap.min.css]
[mythemestore.com/void/css/void-designer.css]
[mythemestore.com/void/css/ionicons.min.css]
[mythemestore.com/void/css/font-awesome.min.css]
[mythemestore.com/void/media/fav.png]
[mythemestore.com/void/media/designer/menu.png]
[mythemestore.com/void/media/designer/intro-layer-1.png]
[mythemestore.com/void/media/designer/intro-layer-2.png]
[mythemestore.com/void/media/designer/intro-layer-3.png]
[mythemestore.com/void/media/designer/intro-layer-4.png]
[mythemestore.com/void/media/designer/intro-layer-5.png]
[mythemestore.com/void/media/designer/about-spots.png]
[mythemestore.com/void/media/designer/gradient-circle.png]
[mythemestore.com/void/media/designer/my-photo.jpg]
[mythemestore.com/void/media/designer/social/facebook.png]
[mythemestore.com/void/media/designer/social/twitter.png]
[mythemestore.com/void/media/designer/social/insta.png]
[mythemestore.com/void/media/designer/service-1.png]
[mythemestore.com/void/media/designer/service-2.png]
[mythemestore.com/void/media/designer/texts.png]
[mythemestore.com/void/media/designer/circle-fill.png]
[mythemestore.com/void/media/designer/skills.png]
[mythemestore.com/void/media/designer/portfolio/1.jpg]
[mythemestore.com/void/media/designer/portfolio/2.jpg]
[mythemestore.com/void/media/designer/portfolio/3.jpg]
[mythemestore.com/void/media/designer/portfolio/4.jpg]
[mythemestore.com/void/media/designer/portfolio/5.jpg]
[mythemestore.com/void/media/designer/portfolio/6.jpg]
[mythemestore.com/void/media/designer/portfolio/7.jpg]
[mythemestore.com/void/media/designer/portfolio/8.jpg]
[mythemestore.com/void/media/designer/portfolio/9.jpg]
[mythemestore.com/void/media/designer/testimonial-1.png]
[mythemestore.com/void/media/designer/testimonial-2.png]
[mythemestore.com/void/media/designer/testimonial-3.png]
[mythemestore.com/void/media/designer/testimonail-4.png]
[mythemestore.com/void/media/designer/client-1.jpg]
[mythemestore.com/void/media/designer/footer-l-1.png]
[mythemestore.com/void/media/designer/footer-l-2.png]
[mythemestore.com/void/media/designer/footer-l-3.png]
[mythemestore.com/void/media/envato_logo.png]
[mythemestore.com/void/js/bootstrap.min.js]
[mythemestore.com/void/js/jquery-3.1.1.min.js]
[mythemestore.com/void/js/plugins/parallax.hover.js]
[mythemestore.com/void/js/plugins/jquery.parallax-scroll.js]
[mythemestore.com/void/js/plugins/jquery.appear.js]
[mythemestore.com/void/js/plugins/jquery.easing.min.js]
[mythemestore.com/void/js/plugins/scrolling-nav.js]
[mythemestore.com/void/js/void.js]
[www.google-analytics.com/analytics.js]
[mythemestore.com/void/designer.html]
[mythemestore.com/void/fonts/glyphicons-halflings-regular.eot]
[mythemestore.com/void/fonts/glyphicons-halflings-regular.woff2]
[mythemestore.com/void/fonts/glyphicons-halflings-regular.woff]
[mythemestore.com/void/fonts/glyphicons-halflings-regulard41d.eot]
[mythemestore.com/void/fonts/glyphicons-halflings-regular.ttf]
[mythemestore.com/void/css/bootstrap.min.css]
[mythemestore.com/void/fonts/Ailerons.eot]
[mythemestore.com/void/fonts/Aileronsd41d.eot]
[mythemestore.com/void/fonts/Ailerons.woff]
[mythemestore.com/void/fonts/Ailerons.woff2]
[mythemestore.com/void/fonts/Ailerons.ttf]
[mythemestore.com/void/media/designer/comma.png]
[mythemestore.com/void/css/void-designer.css]
[mythemestore.com/void/fonts/ionicons28b5.eot]
[mythemestore.com/void/fonts/ionicons28b5.ttf]
[mythemestore.com/void/fonts/ionicons28b5.woff]
[mythemestore.com/void/css/ionicons.min.css]
[mythemestore.com/void/fonts/fontawesome-webfont3e6e.eot]
[mythemestore.com/void/fonts/fontawesome-webfontd41d.eot]
[mythemestore.com/void/fonts/fontawesome-webfont3e6e.woff2]
[mythemestore.com/void/fonts/fontawesome-webfont3e6e.woff]
[mythemestore.com/void/fonts/fontawesome-webfont3e6e.ttf]
[mythemestore.com/void/css/font-awesome.min.css]
[mythemestore.com/void/fonts/glyphicons-halflings-regular.svg]
[mythemestore.com/void/fonts/Ailerons.svg]
[mythemestore.com/void/fonts/ionicons28b5.svg]
[mythemestore.com/void/fonts/fontawesome-webfont3e6e.svg]
